Component: ARM Compiler 5.06 update 3 (build 300) Tool: armlink [4d35c9]

==============================================================================

Section Cross References

    project.o(project) refers to project.o(Data) for Matrix_first


==============================================================================

Image Symbol Table

    Local Symbols

    Symbol Name                              Value     Ov Type        Size  Object(Section)

    project                                  0x00000000   Section      820  project.o(project)
    project.s                                0x00000000   Number         0  project.o ABSOLUTE
    Data                                     0x00000334   Section    16420  project.o(Data)
    Matrix_second                            0x00000334   Data           0  project.o(Data)
    Matrix_first                             0x00000358   Data           0  project.o(Data)

    Global Symbols

    Symbol Name                              Value     Ov Type        Size  Object(Section)

    BuildAttributes$$THM_ISAv2$ARM_ISAv5$E$P$S$PE$A:L22$X:L11$S22$IEEE1$IW$USESV6$~STKCKD$USESV7$~SHL$OSPACE$EBA8$STANDARDLIB$EABIv2 0x00000000   Number         0  anon$$obj.o ABSOLUTE



==============================================================================

Memory Map of the image

  Image Entry point : 0x00000000

  Load Region LR_1 (Base: 0x00000000, Size: 0x00004358, Max: 0xffffffff, ABSOLUTE)

    Execution Region ER_RO (Base: 0x00000000, Size: 0x00000334, Max: 0xffffffff, ABSOLUTE)

    Base Addr    Size         Type   Attr      Idx    E Section Name        Object

    0x00000000   0x00000334   Code   RO            1  * project             project.o


    Execution Region ER_RW (Base: 0x00000334, Size: 0x00004024, Max: 0xffffffff, ABSOLUTE)

    Base Addr    Size         Type   Attr      Idx    E Section Name        Object

    0x00000334   0x00004024   Data   RW            2    Data                project.o


    Execution Region ER_ZI (Base: 0x00004358, Size: 0x00000000, Max: 0xffffffff, ABSOLUTE)

    **** No section assigned to this execution region ****


==============================================================================

Image component sizes


      Code (inc. data)   RO Data    RW Data    ZI Data      Debug   Object Name

       820         16          0      16420          0        460   project.o

    ----------------------------------------------------------------------
       820         16          0      16420          0        460   Object Totals
         0          0          0          0          0          0   (incl. Generated)
         0          0          0          0          0          0   (incl. Padding)

    ----------------------------------------------------------------------
         0          0          0          0          0          0   Library Totals
         0          0          0          0          0          0   (incl. Padding)

    ----------------------------------------------------------------------

==============================================================================


      Code (inc. data)   RO Data    RW Data    ZI Data      Debug   

       820         16          0      16420          0        460   Grand Totals
       820         16          0      16420          0        460   ELF Image Totals
       820         16          0      16420          0          0   ROM Totals

==============================================================================

    Total RO  Size (Code + RO Data)                  820 (   0.80kB)
    Total RW  Size (RW Data + ZI Data)             16420 (  16.04kB)
    Total ROM Size (Code + RO Data + RW Data)      17240 (  16.84kB)

==============================================================================

